C51 COMPILER V8.08   59                                                                    08/15/2015 20:05:40 PAGE 1   


C51 COMPILER V8.08, COMPILATION OF MODULE 59
OBJECT MODULE PLACED IN 59.OBJ
COMPILER INVOKED BY: C:\Keil\C51\BIN\C51.EXE 59.c BROWSE DEBUG OBJECTEXTEND

line level    source

   1          /*********************************************************************************
   2          * 【编写时间】： 2014年3月5日
   3          * 【作    者】： 清翔电子:03
   4          * 【版    本】： 1.0
   5          * 【网    站】： http://www.qxmcu.com/ 
   6          * 【淘宝店铺】： http://qxmcu.taobao.com/ 
   7          * 【实验平台】： QX-MCS51 单片机开发板
   8          * 【外部晶振】： 11.0592mhz     
   9          * 【主控芯片】： STC89C52
  10          * 【编译环境】： Keil μVisio3  
  11          * 【程序功能】：                                                                                    
  12          * 【使用说明】： 与上个软件延时的计时相比，此采用定时器的方法，不但节省了单片机的
  13                                  资源，而且定时精度高。故做精确定时或者单片机资源有限时，提倡用定时器
  14                                  的方法。
  15                                  这里采用的是定时器0工作于模式1。
  16                                  用的是查询法。
  17          *  说明：免费开源，不提供源代码分析.
  18          **********************************************************************************/
  19          
  20          //注意晶振需为11.0592M。
  21          //若为其他数值晶振，请改变TH0与TL0参数值，否则计时会有很大误差 。
  22          
  23          #include<reg51.h>
  24          
  25          #define uchar unsigned char
  26          
  27          sbit dula=P2^6;
  28          sbit wela=P2^7;
  29          unsigned char j,k,c1,c0,m,n=255;
  30          unsigned char pp;
  31          unsigned char code table[]={0x3f,0x06,0x5b,0x4f,0x66,0x6d,0x7d,
  32                                  0x07,0x7f,0x6f,0x77,0x7c,0x39,0x5e,0x79,0x71};
  33          
  34          void delay(unsigned char i)
  35          {
  36   1        for(j=i;j>0;j--)
  37   1          for(k=125;k>0;k--);
  38   1      }
  39          
  40          void display(uchar a,uchar b)
  41          {
  42   1         P0=table[a];
  43   1         dula=1;
  44   1         dula=0;
  45   1         
  46   1         P0=0xef;
  47   1         wela=1;
  48   1         wela=0;
  49   1         delay(5);
  50   1         
  51   1         P0=table[b];
  52   1         dula=1;
  53   1         dula=0;
  54   1         
  55   1         P0=0xdf;
C51 COMPILER V8.08   59                                                                    08/15/2015 20:05:40 PAGE 2   

  56   1         wela=1;
  57   1         wela=0;
  58   1         delay(5);
  59   1      }
  60          
  61          void main()
  62          {
  63   1              TMOD=0x01;               //模式设置，00000001，可见采用的是定时器0，工作与模式1（M1=0，M0=1）。
  64   1              TR0=1;                   //打开定时器
  65   1              TH0=(65536-46080)/256;// 由于晶振为11.0592,故所记次数应为46080，计时器每隔50000微秒发起一次中断。
  66   1              TL0=(65536-46080)%256;//46080的来历，为50000*11.0592/12
  67   1              //ET0=1;                         //开定时器0中断
  68   1      //      EA=1;                    //开总中断
  69   1              while(1)
  70   1              {
  71   2                      if(TF0==1)                      //单片机一直在查询定时器0的溢出标志位TF0状态
  72   2                      {
  73   3                              TF0=0;
  74   3                              pp++;
  75   3                              TH0=(65536-46080)/256;
  76   3                              TL0=(65536-46080)%256;
  77   3                      }
  78   2                      if(pp==20)
  79   2                      {       pp=0;
  80   3                              m++;
  81   3                              n--;
  82   3                              P1=n;//闪烁灯
  83   3                              if(m==60)
  84   3                              {
  85   4                                      m=0;       //若到了60s，则归零
  86   4                              }
  87   3                      }
  88   2                      c0=m%10;                  //取出当前描述的个位与十位
  89   2                      c1=m/10;
  90   2                      display(c1,c0);    //显示
  91   2              }
  92   1      }


MODULE INFORMATION:   STATIC OVERLAYABLE
   CODE SIZE        =    135    ----
   CONSTANT SIZE    =     16    ----
   XDATA SIZE       =   ----    ----
   PDATA SIZE       =   ----    ----
   DATA SIZE        =      7    ----
   IDATA SIZE       =   ----    ----
   BIT SIZE         =   ----    ----
END OF MODULE INFORMATION.


C51 COMPILATION COMPLETE.  0 WARNING(S),  0 ERROR(S)
