C51 COMPILER V8.08   PWM                                                                   08/17/2015 17:23:14 PAGE 1   


C51 COMPILER V8.08, COMPILATION OF MODULE PWM
OBJECT MODULE PLACED IN pwm.OBJ
COMPILER INVOKED BY: C:\Keil\C51\BIN\C51.EXE pwm.c BROWSE DEBUG OBJECTEXTEND

line level    source

   1          /*********************************************************************************
   2          * 【编写时间】： 2014年3月5日
   3          * 【作    者】： 清翔电子:03
   4          * 【版    本】： 1.0
   5          * 【网    站】： http://www.qxmcu.com/ 
   6          * 【淘宝店铺】： http://qxmcu.taobao.com/ 
   7          * 【实验平台】： QX-MCS51 单片机开发板
   8          * 【外部晶振】： 11.0592mhz     
   9          * 【主控芯片】： STC89C52
  10          * 【编译环境】： Keil μVisio3  
  11          * 【程序功能】：                                                                                    
  12          * 【使用说明】： 本程序为用单片机制作的占空比均匀间隔可调PWM发生器。占空比可调间隔
  13                                  为0.1。即可取得占空比为0%，10%，20%……90%到100%的PWM波。
  14                                  该波的频率固定为1KH（周期1000微秒）。
  15                                  QX-MCS51学习板上的操作键：
  16                                                  S2----占空比加                  S3----占空比减
  17                                                  
  18                                                  数值越大 LED灯越暗  注意调节后需要稍等一会儿LED灯才会发生变化
  19          *  说明：免费开源，不提供源代码分析.
  20          **********************************************************************************/
  21          
  22          #include<reg52.h>
  23          
  24          #define uint unsigned int 
  25          uint pp;
  26          char num=2,dis;
  27          sbit pwm=P1^0;
  28          sbit s2=P3^0;
  29          sbit s3=P3^1;
  30          
  31          sbit dula=P2^6;
  32          sbit wela=P2^7;
  33          
  34          unsigned char code table[]=
  35          {0x3f,0x06,0x5b,0x4f,0x66,0x6d,0x7d,0x07,0x7f,
  36          0x6f,0x77,0x7c,0x39,0x5e,0x79,0x71,0x00};
  37          
  38          void keyscan()
  39          {
  40   1              if(s2==0)
  41   1              {
  42   2                      while(!s2);
  43   2                      num++;
  44   2                      if(num==11)
  45   2                              num=10;
  46   2                      dis=num;
  47   2              }
  48   1              if(s3==0)
  49   1              {
  50   2                      while(!s3);
  51   2                      num--;
  52   2                      if(num==-1)
  53   2                              num=0;
  54   2                      dis=num;
  55   2              }
C51 COMPILER V8.08   PWM                                                                   08/17/2015 17:23:14 PAGE 2   

  56   1      }
  57          
  58          void display(a)
  59          {
  60   1         dula=0;
  61   1         P0=table[a];
  62   1         dula=1;
  63   1         dula=0;
  64   1         
  65   1         wela=0;
  66   1         P0=0xfe;
  67   1         wela=1;
  68   1         wela=0;   
  69   1      }
  70          
  71          void main()
  72          {
  73   1              TMOD=0x01;               //模式设置，00000001，可见采用的是定时器0，工作与模式1（M1=0，M0=1）。
  74   1              TR0=1;                   //打开定时器
  75   1              TH0=0Xff;                //定时器设置，每隔100微秒发起一次中断。
  76   1              TL0=0Xa4;
  77   1              ET0=1;                   //开定时器0中断
  78   1              EA=1;                    //开总中断
  79   1              while(1)
  80   1              {
  81   2                      keyscan();
  82   2                      if((num!=0)&&(num!=10)) //对于占空比为0和100%这两种极端情况，最好分离出，单独考虑
  83   2                      {
  84   3                              if(pp<=num)
  85   3                                      pwm=1;
  86   3                              else
  87   3                                      pwm=0;
  88   3                      }
  89   2                      else if(num==0) //当占空比为0
  90   2                              pwm=0;
  91   2                      else
  92   2                              pwm=1; 
  93   2                      if(pp==10)              //当占空比为100%
  94   2                              pp=0;
  95   2              display(num);//显示num当前值，占空比为num/10。
  96   2              }
  97   1      }
  98          
  99          void time0() interrupt 1
 100          {       TH0=0Xff;
 101   1              TL0=0Xa4;
 102   1              pp++;
 103   1      }


MODULE INFORMATION:   STATIC OVERLAYABLE
   CODE SIZE        =    172    ----
   CONSTANT SIZE    =     17    ----
   XDATA SIZE       =   ----    ----
   PDATA SIZE       =   ----    ----
   DATA SIZE        =      4    ----
   IDATA SIZE       =   ----    ----
   BIT SIZE         =   ----    ----
END OF MODULE INFORMATION.


C51 COMPILATION COMPLETE.  0 WARNING(S),  0 ERROR(S)
