C51 COMPILER V8.08   D                                                                     08/19/2015 10:41:01 PAGE 1   


C51 COMPILER V8.08, COMPILATION OF MODULE D
OBJECT MODULE PLACED IN d.OBJ
COMPILER INVOKED BY: C:\Keil\C51\BIN\C51.EXE d.c BROWSE DEBUG OBJECTEXTEND

line level    source

   1          /*********************************************************************************
   2          * 【编写时间】： 2014年3月5日
   3          * 【作    者】： 清翔电子:03
   4          * 【版    本】： 1.0
   5          * 【网    站】： http://www.qxmcu.com/ 
   6          * 【淘宝店铺】： http://qxmcu.taobao.com/ 
   7          * 【实验平台】： QX-MCS51 单片机开发板
   8          * 【外部晶振】： 11.0592mhz     
   9          * 【主控芯片】： STC89C52
  10          * 【编译环境】： Keil μVisio3  
  11          * 【程序功能】：                                                                                    
  12          * 【使用说明】： 需要按下独立键盘S2按键
  13          *  说明：免费开源，不提供源代码分析.
  14          **********************************************************************************/
  15          /******************************************************************
  16          程序功能：       通过程序说明while与do...while间区别：
  17                                   前者是先比较判断后执行，后者是先执行再比较判断。
  18                                   故后者的循环体至少会执行一次，而前者有可能一次也不执行。
  19          ****************************************************************************/
  20          #include <reg52.h>
  21          
  22          sbit S2=P3^0;
  23          
  24          void main()
  25          {
  26   1              char m=3;
  27   1              P1=0xff;
  28   1              while(1)
  29   1              {
  30   2                      if(S2)   //S2未被按下时，将执行下面大括弧中的程序，但是，由于在刚开始进行的是判别
  31   2                                       //操作，而3>4肯定为假，故不会执行P1=0xaa;操作。
  32   2                                       //所以，此时，P1口相连的led不亮，P1各管脚的值还是刚开始赋的0xff。
  33   2                      {
  34   3                              while(m>4)
  35   3                                      P1=0xaa;
  36   3                      }
  37   2                      else   //当S2被按下后，执行该段程序，此时，虽然3>4仍然是假的，但是do...while
  38   2                                //是先执行一次，然后再判断，故在比较判断之前，已经执行了P1=0xaa；故此时
  39   2                                //P1口各led会被交替点亮。
  40   2                      {
  41   3                              do
  42   3                              {
  43   4                                      P1=0x55;
  44   4                              }
  45   3                              while(m>4);
  46   3                      }
  47   2          }
  48   1      }


MODULE INFORMATION:   STATIC OVERLAYABLE
   CODE SIZE        =     34    ----
   CONSTANT SIZE    =   ----    ----
   XDATA SIZE       =   ----    ----
   PDATA SIZE       =   ----    ----
C51 COMPILER V8.08   D                                                                     08/19/2015 10:41:01 PAGE 2   

   DATA SIZE        =   ----    ----
   IDATA SIZE       =   ----    ----
   BIT SIZE         =   ----    ----
END OF MODULE INFORMATION.


C51 COMPILATION COMPLETE.  0 WARNING(S),  0 ERROR(S)
