C51 COMPILER V8.08   2                                                                     08/15/2015 12:36:02 PAGE 1   


C51 COMPILER V8.08, COMPILATION OF MODULE 2
OBJECT MODULE PLACED IN 2.OBJ
COMPILER INVOKED BY: C:\Keil\C51\BIN\C51.EXE 2.c BROWSE DEBUG OBJECTEXTEND

line level    source

   1          /*********************************************************************************
   2          * 【编写时间】： 2014年3月5日
   3          * 【作    者】： 清翔电子:03
   4          * 【版    本】： 1.0
   5          * 【网    站】： http://www.qxmcu.com/ 
   6          * 【淘宝店铺】： http://qxmcu.taobao.com/
   7          * 【实验平台】： QX-MCS51 单片机开发板
   8          * 【外部晶振】： 11.0592mhz     
   9          * 【主控芯片】： STC89C52
  10          * 【编译环境】： Keil μVisio3  
  11          * 【程序功能】： 让QX-MCS51 实验板的六个数码管流动地显示数字3                                                                               
  12          * 【使用说明】： 
  13          *  说明：免费开源，不提供源代码分析.
  14          **********************************************************************************/
  15          
  16          #include <reg51.h>
  17          
  18          sbit dula=P2^6;         //段选信号的锁存器控制
  19          sbit wela=P2^7;         //位选信号的锁存器控制
  20          
  21          unsigned char code table[]={0xfe,0xfd,0xfb,0xf7,0xef,0xdf,0xbf,0x7f};
  22                                                          //数码管各位的码表
  23          void delay(unsigned int i)
  24          {
  25   1              unsigned int m,n;
  26   1              for(m=i;m>0;m--)
  27   1                      for(n=90;n>0;n--);
  28   1      }
  29          
  30          void main()
  31          {
  32   1      
  33   1              unsigned char num;
  34   1              while(1)
  35   1              {
  36   2                      for(num=0;num<8;num++)
  37   2                      {
  38   3                              P0=table[num];     
  39   3                              wela=1;
  40   3                              wela=0;
  41   3      
  42   3                              P0=0x4f;          //数字“3”的代码
  43   3                              dula=1;
  44   3                              dula=0;
  45   3                              delay(1000);
  46   3                      }
  47   2              }
  48   1      }
  49          


MODULE INFORMATION:   STATIC OVERLAYABLE
   CODE SIZE        =     63    ----
   CONSTANT SIZE    =      8    ----
   XDATA SIZE       =   ----    ----
C51 COMPILER V8.08   2                                                                     08/15/2015 12:36:02 PAGE 2   

   PDATA SIZE       =   ----    ----
   DATA SIZE        =   ----    ----
   IDATA SIZE       =   ----    ----
   BIT SIZE         =   ----    ----
END OF MODULE INFORMATION.


C51 COMPILATION COMPLETE.  0 WARNING(S),  0 ERROR(S)
