******************************************************************************
                  MSP430 Linker PC v15.12.3                    
******************************************************************************
>> Linked Wed Apr 19 14:58:26 2017

OUTPUT FILE NAME:   <13_2_LED_KEY_I2C_Hard_or_Soft.out>
ENTRY POINT SYMBOL: "_c_int00_noargs_noexit"  address: 0000c5f6


MEMORY CONFIGURATION

         name            origin    length      used     unused   attr    fill
----------------------  --------  ---------  --------  --------  ----  --------
  SFR                   00000000   00000010  00000000  00000010  RWIX
  PERIPHERALS_8BIT      00000010   000000f0  00000000  000000f0  RWIX
  PERIPHERALS_16BIT     00000100   00000100  00000000  00000100  RWIX
  RAM                   00000200   00000200  0000005a  000001a6  RWIX
  INFOD                 00001000   00000040  00000000  00000040  RWIX
  INFOC                 00001040   00000040  00000000  00000040  RWIX
  INFOB                 00001080   00000040  00000000  00000040  RWIX
  INFOA                 000010c0   00000040  00000000  00000040  RWIX
  FLASH                 0000c000   00003fde  000006fa  000038e4  RWIX
  BSLSIGNATURE          0000ffde   00000002  00000002  00000000  RWIX  ffff 
  INT00                 0000ffe0   00000002  00000002  00000000  RWIX
  INT01                 0000ffe2   00000002  00000000  00000002  RWIX
  INT02                 0000ffe4   00000002  00000002  00000000  RWIX
  INT03                 0000ffe6   00000002  00000002  00000000  RWIX
  INT04                 0000ffe8   00000002  00000000  00000002  RWIX
  INT05                 0000ffea   00000002  00000002  00000000  RWIX
  INT06                 0000ffec   00000002  00000002  00000000  RWIX
  INT07                 0000ffee   00000002  00000002  00000000  RWIX
  INT08                 0000fff0   00000002  00000002  00000000  RWIX
  INT09                 0000fff2   00000002  00000002  00000000  RWIX
  INT10                 0000fff4   00000002  00000002  00000000  RWIX
  INT11                 0000fff6   00000002  00000002  00000000  RWIX
  INT12                 0000fff8   00000002  00000002  00000000  RWIX
  INT13                 0000fffa   00000002  00000002  00000000  RWIX
  INT14                 0000fffc   00000002  00000002  00000000  RWIX
  RESET                 0000fffe   00000002  00000002  00000000  RWIX


SECTION ALLOCATION MAP

 output                                  attributes/
section   page    origin      length       input sections
--------  ----  ----------  ----------   ----------------
.data      0    00000200    0000000a     UNINITIALIZED
                  00000200    00000005     main.obj (.data)
                  00000205    00000001     --HOLE--
                  00000206    00000004     TCA6416A.obj (.data)

.stack     0    000003b0    00000050     UNINITIALIZED
                  000003b0    00000002     rts430_eabi.lib : boot.obj (.stack)
                  000003b2    0000004e     --HOLE--

.text      0    0000c000    000006e4     
                  0000c000    000000b8     TCA6416A.obj (.text:PinOUT)
                  0000c0b8    0000008a     main.obj (.text:I2C_IODect)
                  0000c142    00000070     main.obj (.text:main)
                  0000c1b2    0000006e     TCA6416A.obj (.text:TCA6416A_Init)
                  0000c220    0000006e     rts430_eabi.lib : autoinit.obj (.text:_auto_init)
                  0000c28e    00000064                     : copy_decompress_rle.obj (.text:__TI_decompress_rle_core)
                  0000c2f2    0000005a                     : cpy_tbl.obj (.text:copy_in)
                  0000c34c    00000056     I2C.obj (.text:Send_Char)
                  0000c3a2    00000052     TCA6416A.obj (.text:PinIN)
                  0000c3f4    0000003e     I2C.obj (.text:Get_Char)
                  0000c432    00000036     I2C.obj (.text:I2C_RxFrame)
                  0000c468    00000036     I2C.obj (.text:I2C_TxFrame)
                  0000c49e    0000002c     rts430_eabi.lib : div16s.obj (.text)
                  0000c4ca    0000002c                     : lsl16.obj (.text)
                  0000c4f6    00000026     I2C.obj (.text:Master_Ack)
                  0000c51c    00000026     I2C.obj (.text:Start)
                  0000c542    00000026     I2C.obj (.text:Stop)
                  0000c568    0000001e     main.obj (.text:I2C_IO13_Onclick)
                  0000c586    0000001e     I2C.obj (.text:I2C_Init)
                  0000c5a4    0000001c     main.obj (.text:I2C_IO11_Onclick)
                  0000c5c0    0000001c     main.obj (.text:I2C_IO12_Onclick)
                  0000c5dc    0000001a     main.obj (.text:I2C_IO10_Onclick)
                  0000c5f6    0000001a     rts430_eabi.lib : boot_special.obj (.text:_c_int00_noargs_noexit)
                  0000c610    00000018     TCA6416A.obj (.text:TCA6416_Rx_Frame)
                  0000c628    00000018     TCA6416A.obj (.text:TCA6416_Tx_Frame)
                  0000c640    00000016     rts430_eabi.lib : div16u.obj (.text)
                  0000c656    00000014                     : memset.obj (.text:memset)
                  0000c66a    00000014                     : mult16.obj (.text)
                  0000c67e    00000012                     : copy_decompress_none.obj (.text:decompress:none:__TI_decompress_none)
                  0000c690    00000012                     : memcpy.obj (.text:memcpy)
                  0000c6a2    00000010                     : epilog.obj (.text)
                  0000c6b2    0000000c     main.obj (.text:WDT_init)
                  0000c6be    00000008     main.obj (.text:WDT_ISR)
                  0000c6c6    00000008     rts430_eabi.lib : isr_trap.obj (.text:_isr:__TI_ISR_TRAP)
                  0000c6ce    00000006                     : exit.obj (.text:abort)
                  0000c6d4    00000006                     : copy_decompress_rle.obj (.text:decompress:rle24:__TI_decompress_rle24)
                  0000c6da    00000004                     : pre_init.obj (.text:_system_pre_init)
                  0000c6de    00000002     I2C.obj (.text:I2C_Rx_Init)
                  0000c6e0    00000002     I2C.obj (.text:I2C_Tx_Init)
                  0000c6e2    00000002     rts430_eabi.lib : startup.obj (.text:_system_post_cinit)

.cinit     0    0000c6e4    00000016     
                  0000c6e4    0000000e     (.cinit..data.load) [load image]
                  0000c6f2    00000004     (__TI_handler_table)
                  0000c6f6    00000004     (__TI_cinit_table)

.binit     0    0000c000    00000000     

.init_array 
*          0    0000c000    00000000     UNINITIALIZED

TRAPINT    0    0000ffe0    00000002     
                  0000ffe0    00000002     rts430_eabi.lib : int00.obj (.int00)

$fill000   0    0000ffde    00000002     
                  0000ffde    00000002     --HOLE-- [fill = ffff]

PORT1      0    0000ffe4    00000002     
                  0000ffe4    00000002     rts430_eabi.lib : int02.obj (.int02)

PORT2      0    0000ffe6    00000002     
                  0000ffe6    00000002     rts430_eabi.lib : int03.obj (.int03)

ADC10      0    0000ffea    00000002     
                  0000ffea    00000002     rts430_eabi.lib : int05.obj (.int05)

USCIAB0TX 
*          0    0000ffec    00000002     
                  0000ffec    00000002     rts430_eabi.lib : int06.obj (.int06)

USCIAB0RX 
*          0    0000ffee    00000002     
                  0000ffee    00000002     rts430_eabi.lib : int07.obj (.int07)

TIMER0_A1 
*          0    0000fff0    00000002     
                  0000fff0    00000002     rts430_eabi.lib : int08.obj (.int08)

TIMER0_A0 
*          0    0000fff2    00000002     
                  0000fff2    00000002     rts430_eabi.lib : int09.obj (.int09)

WDT        0    0000fff4    00000002     
                  0000fff4    00000002     main.obj (.int10)

COMPARATORA 
*          0    0000fff6    00000002     
                  0000fff6    00000002     rts430_eabi.lib : int11.obj (.int11)

TIMER1_A1 
*          0    0000fff8    00000002     
                  0000fff8    00000002     rts430_eabi.lib : int12.obj (.int12)

TIMER1_A0 
*          0    0000fffa    00000002     
                  0000fffa    00000002     rts430_eabi.lib : int13.obj (.int13)

NMI        0    0000fffc    00000002     
                  0000fffc    00000002     rts430_eabi.lib : int14.obj (.int14)

.reset     0    0000fffe    00000002     
                  0000fffe    00000002     rts430_eabi.lib : boot.obj (.reset)

MODULE SUMMARY

       Module                     code   ro data   rw data
       ------                     ----   -------   -------
    .\
       main.obj                   382    2         5      
    +--+--------------------------+------+---------+---------+
       Total:                     382    2         5      
                                                          
    .\src\
       TCA6416A.obj               424    0         4      
       I2C.obj                    404    0         0      
    +--+--------------------------+------+---------+---------+
       Total:                     828    0         4      
                                                          
    C:\software\ti\ccsv6\tools\compiler\msp430_15.12.3.LTS\lib\rts430_eabi.lib
       autoinit.obj               110    0         0      
       copy_decompress_rle.obj    106    0         0      
       cpy_tbl.obj                90     0         0      
       div16s.obj                 44     0         0      
       lsl16.obj                  44     0         0      
       boot_special.obj           26     0         0      
       div16u.obj                 22     0         0      
       memset.obj                 20     0         0      
       mult16.obj                 20     0         0      
       copy_decompress_none.obj   18     0         0      
       memcpy.obj                 18     0         0      
       epilog.obj                 16     0         0      
       isr_trap.obj               8      0         0      
       exit.obj                   6      0         0      
       pre_init.obj               4      0         0      
       boot.obj                   0      2         0      
       int00.obj                  0      2         0      
       int02.obj                  0      2         0      
       int03.obj                  0      2         0      
       int05.obj                  0      2         0      
       int06.obj                  0      2         0      
       int07.obj                  0      2         0      
       int08.obj                  0      2         0      
       int09.obj                  0      2         0      
       int11.obj                  0      2         0      
       int12.obj                  0      2         0      
       int13.obj                  0      2         0      
       int14.obj                  0      2         0      
       startup.obj                2      0         0      
    +--+--------------------------+------+---------+---------+
       Total:                     554    26        0      
                                                          
       Stack:                     0      0         80     
       Linker Generated:          0      22        0      
    +--+--------------------------+------+---------+---------+
       Grand Total:               1764   50        89     


LINKER GENERATED COPY TABLES

__TI_cinit_table @ 0000c6f6 records: 1, size/record: 4, table size: 4
	.data: load addr=0000c6e4, load size=0000000e bytes, run addr=00000200, run size=0000000a bytes, compression=copy


LINKER GENERATED HANDLER TABLE

__TI_handler_table @ 0000c6f2 records: 2, size/record: 2, table size: 4
	index: 0, handler: __TI_decompress_rle24
	index: 1, handler: __TI_decompress_none


GLOBAL SYMBOLS: SORTED ALPHABETICALLY BY Name 

address   name                    
-------   ----                    
0000004a  ADC10AE0                
000001b0  ADC10CTL0               
000001b2  ADC10CTL1               
00000048  ADC10DTC0               
00000049  ADC10DTC1               
000001b4  ADC10MEM                
000001bc  ADC10SA                 
00000057  BCSCTL1                 
00000058  BCSCTL2                 
00000053  BCSCTL3                 
0000c6ce  C$$EXIT                 
00000059  CACTL1                  
0000005a  CACTL2                  
000010fb  CALBC1_12MHZ            
000010f9  CALBC1_16MHZ            
000010ff  CALBC1_1MHZ             
000010fd  CALBC1_8MHZ             
000010fa  CALDCO_12MHZ            
000010f8  CALDCO_16MHZ            
000010fe  CALDCO_1MHZ             
000010fc  CALDCO_8MHZ             
0000005b  CAPD                    
00000056  DCOCTL                  
00000128  FCTL1                   
0000012a  FCTL2                   
0000012c  FCTL3                   
0000c3f4  Get_Char                
0000c5dc  I2C_IO10_Onclick        
0000c5a4  I2C_IO11_Onclick        
0000c5c0  I2C_IO12_Onclick        
0000c568  I2C_IO13_Onclick        
0000c0b8  I2C_IODect              
0000c586  I2C_Init                
0000c432  I2C_RxFrame             
0000c6de  I2C_Rx_Init             
0000c468  I2C_TxFrame             
0000c6e0  I2C_Tx_Init             
00000000  IE1                     
00000001  IE2                     
00000002  IFG1                    
00000003  IFG2                    
0000c4f6  Master_Ack              
00000022  P1DIR                   
00000025  P1IE                    
00000024  P1IES                   
00000023  P1IFG                   
00000020  P1IN                    
00000021  P1OUT                   
00000027  P1REN                   
00000026  P1SEL                   
00000041  P1SEL2                  
0000002a  P2DIR                   
0000002d  P2IE                    
0000002c  P2IES                   
0000002b  P2IFG                   
00000028  P2IN                    
00000029  P2OUT                   
0000002f  P2REN                   
0000002e  P2SEL                   
00000042  P2SEL2                  
0000001a  P3DIR                   
00000018  P3IN                    
00000019  P3OUT                   
00000010  P3REN                   
0000001b  P3SEL                   
00000043  P3SEL2                  
0000c3a2  PinIN                   
0000c000  PinOUT                  
0000c34c  Send_Char               
0000c51c  Start                   
0000c542  Stop                    
00000172  TA0CCR0                 
00000174  TA0CCR1                 
00000176  TA0CCR2                 
00000162  TA0CCTL0                
00000164  TA0CCTL1                
00000166  TA0CCTL2                
00000160  TA0CTL                  
0000012e  TA0IV                   
00000170  TA0R                    
00000192  TA1CCR0                 
00000194  TA1CCR1                 
00000196  TA1CCR2                 
00000182  TA1CCTL0                
00000184  TA1CCTL1                
00000186  TA1CCTL2                
00000180  TA1CTL                  
0000011e  TA1IV                   
00000190  TA1R                    
0000c1b2  TCA6416A_Init           
00000206  TCA6416A_InputBuffer    
0000c610  TCA6416_Rx_Frame        
0000c628  TCA6416_Tx_Frame        
000010db  TLV_ADC10_1_LEN         
000010da  TLV_ADC10_1_TAG         
000010c0  TLV_CHECKSUM            
000010f7  TLV_DCO_30_LEN          
000010f6  TLV_DCO_30_TAG          
0000005d  UCA0ABCTL               
00000062  UCA0BR0                 
00000063  UCA0BR1                 
00000060  UCA0CTL0                
00000061  UCA0CTL1                
0000005f  UCA0IRRCTL              
0000005e  UCA0IRTCTL              
00000064  UCA0MCTL                
00000066  UCA0RXBUF               
00000065  UCA0STAT                
00000067  UCA0TXBUF               
0000006a  UCB0BR0                 
0000006b  UCB0BR1                 
00000068  UCB0CTL0                
00000069  UCB0CTL1                
0000006c  UCB0I2CIE               
00000118  UCB0I2COA               
0000011a  UCB0I2CSA               
0000006e  UCB0RXBUF               
0000006d  UCB0STAT                
0000006f  UCB0TXBUF               
00000120  WDTCTL                  
0000c6be  WDT_ISR                 
0000c6b2  WDT_init                
00000400  __STACK_END             
00000050  __STACK_SIZE            
UNDEFED   __TI_BINIT_Base         
UNDEFED   __TI_BINIT_Limit        
0000c6f6  __TI_CINIT_Base         
0000c6fa  __TI_CINIT_Limit        
0000c6f2  __TI_Handler_Table_Base 
0000c6f6  __TI_Handler_Table_Limit
UNDEFED   __TI_INITARRAY_Base     
UNDEFED   __TI_INITARRAY_Limit    
0000c6c6  __TI_ISR_TRAP           
0000c67e  __TI_decompress_none    
0000c6d4  __TI_decompress_rle24   
0000ffe0  __TI_int00              
0000ffe4  __TI_int02              
0000ffe6  __TI_int03              
0000ffea  __TI_int05              
0000ffec  __TI_int06              
0000ffee  __TI_int07              
0000fff0  __TI_int08              
0000fff2  __TI_int09              
0000fff4  __TI_int10              
0000fff6  __TI_int11              
0000fff8  __TI_int12              
0000fffa  __TI_int13              
0000fffc  __TI_int14              
ffffffff  __TI_pprof_out_hndl     
ffffffff  __TI_prof_data_size     
ffffffff  __TI_prof_data_start    
ffffffff  __c_args__              
0000c49e  __mspabi_divi           
0000c640  __mspabi_divu           
0000c6ae  __mspabi_func_epilog_1  
0000c6ac  __mspabi_func_epilog_2  
0000c6aa  __mspabi_func_epilog_3  
0000c6a8  __mspabi_func_epilog_4  
0000c6a6  __mspabi_func_epilog_5  
0000c6a4  __mspabi_func_epilog_6  
0000c6a2  __mspabi_func_epilog_7  
0000c66a  __mspabi_mpyi           
0000c66a  __mspabi_mpyi_sw        
0000c49e  __mspabi_remi           
0000c640  __mspabi_remu           
0000c4ca  __mspabi_slli           
0000c4f2  __mspabi_slli_1         
0000c4e0  __mspabi_slli_10        
0000c4de  __mspabi_slli_11        
0000c4dc  __mspabi_slli_12        
0000c4da  __mspabi_slli_13        
0000c4d8  __mspabi_slli_14        
0000c4d6  __mspabi_slli_15        
0000c4f0  __mspabi_slli_2         
0000c4ee  __mspabi_slli_3         
0000c4ec  __mspabi_slli_4         
0000c4ea  __mspabi_slli_5         
0000c4e8  __mspabi_slli_6         
0000c4e6  __mspabi_slli_7         
0000c4e4  __mspabi_slli_8         
0000c4e2  __mspabi_slli_9         
0000c220  _auto_init              
0000c5f6  _c_int00_noargs_noexit  
0000fffe  _reset_vector           
000003b0  _stack                  
0000c6e2  _system_post_cinit      
0000c6da  _system_pre_init        
0000c6ce  abort                   
0000c2f2  copy_in                 
0000c142  main                    
0000c690  memcpy                  
0000c656  memset                  


GLOBAL SYMBOLS: SORTED BY Symbol Address 

address   name                    
-------   ----                    
00000000  IE1                     
00000001  IE2                     
00000002  IFG1                    
00000003  IFG2                    
00000010  P3REN                   
00000018  P3IN                    
00000019  P3OUT                   
0000001a  P3DIR                   
0000001b  P3SEL                   
00000020  P1IN                    
00000021  P1OUT                   
00000022  P1DIR                   
00000023  P1IFG                   
00000024  P1IES                   
00000025  P1IE                    
00000026  P1SEL                   
00000027  P1REN                   
00000028  P2IN                    
00000029  P2OUT                   
0000002a  P2DIR                   
0000002b  P2IFG                   
0000002c  P2IES                   
0000002d  P2IE                    
0000002e  P2SEL                   
0000002f  P2REN                   
00000041  P1SEL2                  
00000042  P2SEL2                  
00000043  P3SEL2                  
00000048  ADC10DTC0               
00000049  ADC10DTC1               
0000004a  ADC10AE0                
00000050  __STACK_SIZE            
00000053  BCSCTL3                 
00000056  DCOCTL                  
00000057  BCSCTL1                 
00000058  BCSCTL2                 
00000059  CACTL1                  
0000005a  CACTL2                  
0000005b  CAPD                    
0000005d  UCA0ABCTL               
0000005e  UCA0IRTCTL              
0000005f  UCA0IRRCTL              
00000060  UCA0CTL0                
00000061  UCA0CTL1                
00000062  UCA0BR0                 
00000063  UCA0BR1                 
00000064  UCA0MCTL                
00000065  UCA0STAT                
00000066  UCA0RXBUF               
00000067  UCA0TXBUF               
00000068  UCB0CTL0                
00000069  UCB0CTL1                
0000006a  UCB0BR0                 
0000006b  UCB0BR1                 
0000006c  UCB0I2CIE               
0000006d  UCB0STAT                
0000006e  UCB0RXBUF               
0000006f  UCB0TXBUF               
00000118  UCB0I2COA               
0000011a  UCB0I2CSA               
0000011e  TA1IV                   
00000120  WDTCTL                  
00000128  FCTL1                   
0000012a  FCTL2                   
0000012c  FCTL3                   
0000012e  TA0IV                   
00000160  TA0CTL                  
00000162  TA0CCTL0                
00000164  TA0CCTL1                
00000166  TA0CCTL2                
00000170  TA0R                    
00000172  TA0CCR0                 
00000174  TA0CCR1                 
00000176  TA0CCR2                 
00000180  TA1CTL                  
00000182  TA1CCTL0                
00000184  TA1CCTL1                
00000186  TA1CCTL2                
00000190  TA1R                    
00000192  TA1CCR0                 
00000194  TA1CCR1                 
00000196  TA1CCR2                 
000001b0  ADC10CTL0               
000001b2  ADC10CTL1               
000001b4  ADC10MEM                
000001bc  ADC10SA                 
00000206  TCA6416A_InputBuffer    
000003b0  _stack                  
00000400  __STACK_END             
000010c0  TLV_CHECKSUM            
000010da  TLV_ADC10_1_TAG         
000010db  TLV_ADC10_1_LEN         
000010f6  TLV_DCO_30_TAG          
000010f7  TLV_DCO_30_LEN          
000010f8  CALDCO_16MHZ            
000010f9  CALBC1_16MHZ            
000010fa  CALDCO_12MHZ            
000010fb  CALBC1_12MHZ            
000010fc  CALDCO_8MHZ             
000010fd  CALBC1_8MHZ             
000010fe  CALDCO_1MHZ             
000010ff  CALBC1_1MHZ             
0000c000  PinOUT                  
0000c0b8  I2C_IODect              
0000c142  main                    
0000c1b2  TCA6416A_Init           
0000c220  _auto_init              
0000c2f2  copy_in                 
0000c34c  Send_Char               
0000c3a2  PinIN                   
0000c3f4  Get_Char                
0000c432  I2C_RxFrame             
0000c468  I2C_TxFrame             
0000c49e  __mspabi_divi           
0000c49e  __mspabi_remi           
0000c4ca  __mspabi_slli           
0000c4d6  __mspabi_slli_15        
0000c4d8  __mspabi_slli_14        
0000c4da  __mspabi_slli_13        
0000c4dc  __mspabi_slli_12        
0000c4de  __mspabi_slli_11        
0000c4e0  __mspabi_slli_10        
0000c4e2  __mspabi_slli_9         
0000c4e4  __mspabi_slli_8         
0000c4e6  __mspabi_slli_7         
0000c4e8  __mspabi_slli_6         
0000c4ea  __mspabi_slli_5         
0000c4ec  __mspabi_slli_4         
0000c4ee  __mspabi_slli_3         
0000c4f0  __mspabi_slli_2         
0000c4f2  __mspabi_slli_1         
0000c4f6  Master_Ack              
0000c51c  Start                   
0000c542  Stop                    
0000c568  I2C_IO13_Onclick        
0000c586  I2C_Init                
0000c5a4  I2C_IO11_Onclick        
0000c5c0  I2C_IO12_Onclick        
0000c5dc  I2C_IO10_Onclick        
0000c5f6  _c_int00_noargs_noexit  
0000c610  TCA6416_Rx_Frame        
0000c628  TCA6416_Tx_Frame        
0000c640  __mspabi_divu           
0000c640  __mspabi_remu           
0000c656  memset                  
0000c66a  __mspabi_mpyi           
0000c66a  __mspabi_mpyi_sw        
0000c67e  __TI_decompress_none    
0000c690  memcpy                  
0000c6a2  __mspabi_func_epilog_7  
0000c6a4  __mspabi_func_epilog_6  
0000c6a6  __mspabi_func_epilog_5  
0000c6a8  __mspabi_func_epilog_4  
0000c6aa  __mspabi_func_epilog_3  
0000c6ac  __mspabi_func_epilog_2  
0000c6ae  __mspabi_func_epilog_1  
0000c6b2  WDT_init                
0000c6be  WDT_ISR                 
0000c6c6  __TI_ISR_TRAP           
0000c6ce  C$$EXIT                 
0000c6ce  abort                   
0000c6d4  __TI_decompress_rle24   
0000c6da  _system_pre_init        
0000c6de  I2C_Rx_Init             
0000c6e0  I2C_Tx_Init             
0000c6e2  _system_post_cinit      
0000c6f2  __TI_Handler_Table_Base 
0000c6f6  __TI_CINIT_Base         
0000c6f6  __TI_Handler_Table_Limit
0000c6fa  __TI_CINIT_Limit        
0000ffe0  __TI_int00              
0000ffe4  __TI_int02              
0000ffe6  __TI_int03              
0000ffea  __TI_int05              
0000ffec  __TI_int06              
0000ffee  __TI_int07              
0000fff0  __TI_int08              
0000fff2  __TI_int09              
0000fff4  __TI_int10              
0000fff6  __TI_int11              
0000fff8  __TI_int12              
0000fffa  __TI_int13              
0000fffc  __TI_int14              
0000fffe  _reset_vector           
ffffffff  __TI_pprof_out_hndl     
ffffffff  __TI_prof_data_size     
ffffffff  __TI_prof_data_start    
ffffffff  __c_args__              
UNDEFED   __TI_BINIT_Base         
UNDEFED   __TI_BINIT_Limit        
UNDEFED   __TI_INITARRAY_Base     
UNDEFED   __TI_INITARRAY_Limit    

[192 symbols]
