C51 COMPILER V9.60.0.0   LCD1602                                                           04/22/2021 10:48:21 PAGE 1   


C51 COMPILER V9.60.0.0, COMPILATION OF MODULE LCD1602
OBJECT MODULE PLACED IN .\Objects\LCD1602.obj
COMPILER INVOKED BY: C:\Keil_v5\C51\BIN\C51.EXE LCD1602.c OPTIMIZE(8,SPEED) BROWSE DEBUG OBJECTEXTEND PRINT(.\Listings\L
                    -CD1602.lst) TABS(2) OBJECT(.\Objects\LCD1602.obj)

line level    source

   1          #include<LCD1602.h>
   2          #include<reg52.h>
   3          #include<intrins.h>
   4          
   5          #define DATA P2
   6          
   7          sbit LCD1602_RS = P3^5;
   8          sbit LCD1602_RW = P3^4;
   9          sbit LCD1602_EN = P3^3;
  10          
  11          unsigned char LCD1602_ReadBusy(){
  12   1        char temp;
  13   1        LCD1602_RS=0;
  14   1        LCD1602_RW=1;
  15   1        _nop_();
  16   1        DATA=0xff;
  17   1      
  18   1        _nop_();
  19   1        LCD1602_EN=1;
  20   1        _nop_();
  21   1        temp=DATA;
  22   1        _nop_();
  23   1        LCD1602_EN=0;
  24   1        return (temp&0x80);
  25   1      }
  26          
  27          void LCD1602_WriteCom(unsigned char com){
  28   1        while(LCD1602_ReadBusy());
  29   1        LCD1602_RS=0;
  30   1        LCD1602_RW=0;
  31   1        _nop_();
  32   1        DATA=com;
  33   1        _nop_();
  34   1        LCD1602_EN=1;
  35   1        _nop_();
  36   1        _nop_();
  37   1        LCD1602_EN=0;
  38   1        _nop_();
  39   1        _nop_();   
  40   1      }
  41          
  42          void LCD1602_WriteData(unsigned char dat){
  43   1        while(LCD1602_ReadBusy());
  44   1        LCD1602_RS=1;
  45   1        LCD1602_RW=0;
  46   1        _nop_();
  47   1        DATA=dat;
  48   1        _nop_();
  49   1        LCD1602_EN=1;
  50   1        _nop_();
  51   1        _nop_();
  52   1        LCD1602_EN=0;
  53   1        _nop_();
  54   1        _nop_();   
C51 COMPILER V9.60.0.0   LCD1602                                                           04/22/2021 10:48:21 PAGE 2   

  55   1      }
  56          
  57          void LCD1602_Init(){
  58   1        LCD1602_WriteCom(0x38);
  59   1        LCD1602_WriteCom(0x38);
  60   1        LCD1602_WriteCom(0x38);
  61   1        LCD1602_WriteCom(0x0c);
  62   1        LCD1602_WriteCom(0x01);
  63   1        LCD1602_WriteCom(0x06);
  64   1      }
  65          
  66          void LCD1602_Refresh(char stringOnLine1[], char stringOnLine2[]){
  67   1        char cnt = 0;
  68   1        LCD1602_WriteCom(0x80);
  69   1        while(stringOnLine1[cnt] != '\0' && cnt < 16) {
  70   2          LCD1602_WriteData(stringOnLine1[cnt]);
  71   2          cnt++;
  72   2        }
  73   1        while(cnt < 16){
  74   2          LCD1602_WriteData(' ');
  75   2          cnt++;
  76   2        }
  77   1        
  78   1        cnt = 0;
  79   1        LCD1602_WriteCom(0x80+0x40);
  80   1        while(stringOnLine1[cnt] != '\0' && cnt < 16) {
  81   2          LCD1602_WriteData(stringOnLine2[cnt]);
  82   2          cnt++;
  83   2        }
  84   1        while(cnt < 16){
  85   2          LCD1602_WriteData(' ');
  86   2          cnt++;
  87   2        }
  88   1      }


MODULE INFORMATION:   STATIC OVERLAYABLE
   CODE SIZE        =    277    ----
   CONSTANT SIZE    =   ----    ----
   XDATA SIZE       =   ----    ----
   PDATA SIZE       =   ----    ----
   DATA SIZE        =   ----       6
   IDATA SIZE       =   ----    ----
   BIT SIZE         =   ----    ----
END OF MODULE INFORMATION.


C51 COMPILATION COMPLETE.  0 WARNING(S),  0 ERROR(S)
