C51 COMPILER V8.08   IIC                                                                   09/09/2015 11:30:21 PAGE 1   


C51 COMPILER V8.08, COMPILATION OF MODULE IIC
OBJECT MODULE PLACED IN IIC.OBJ
COMPILER INVOKED BY: C:\Keil\C51\BIN\C51.EXE IIC.c BROWSE DEBUG OBJECTEXTEND

line level    source

   1          #include "qxmcs51_config.h"
   2          #include "delay.h"
   3          #include "IIC.h"
   4          
   5          void I2C_Init() 
   6          {
   7   1              SDA = 1;
   8   1              _nop_();
   9   1              SCL = 1;
  10   1              _nop_();
  11   1      }
  12          
  13          /*I2C起始信号*/
  14          void I2C_Start()  
  15          {
  16   1              SCL = 1;
  17   1              _nop_();
  18   1              SDA = 1;
  19   1              Delay5us();
  20   1              SDA = 0;
  21   1              Delay5us();
  22   1      }
  23          
  24          /*I2C终止信号*/
  25          void I2C_Stop()
  26          {
  27   1              SDA = 0;
  28   1              _nop_();
  29   1              SCL = 1;
  30   1              Delay5us();
  31   1              SDA = 1;
  32   1              Delay5us();
  33   1      }
  34          
  35          /*主机发送应答*/
  36          void Master_ACK(bit i)          
  37          {
  38   1              SCL = 0; // 拉低时钟总线允许SDA数据总线上的数据变化
  39   1              _nop_(); // 让总线稳定
  40   1              if (i)   //如果i = 1 那么拉低数据总线 表示主机应答
  41   1              {
  42   2                      SDA = 0;
  43   2              }
  44   1              else     
  45   1              {
  46   2                      SDA = 1;         //发送非应答
  47   2              }
  48   1              _nop_();//让总线稳定
  49   1              SCL = 1;//拉高时钟总线 让从机从SDA线上读走 主机的应答信号
  50   1              Delay5us();
  51   1              SCL = 0;//拉低时钟总线， 占用总线继续通信
  52   1              _nop_();
  53   1              SDA = 1;//释放SDA数据总线。
  54   1              _nop_();
  55   1      }
C51 COMPILER V8.08   IIC                                                                   09/09/2015 11:30:21 PAGE 2   

  56          
  57          /*检测从机应答*/
  58          bit Test_ACK()
  59          {
  60   1              SCL = 1;
  61   1              Delay5us();
  62   1              if (SDA)
  63   1              {
  64   2                      SCL = 0;
  65   2                      _nop_();
  66   2                      I2C_Stop();
  67   2                      return(0);
  68   2              }
  69   1              else
  70   1              {
  71   2                      SCL = 0;
  72   2                      _nop_();
  73   2                      return(1);
  74   2              }
  75   1      }
  76          
  77          /*发送一个字节*/
  78          void I2C_send_byte(uchar byte)
  79          {
  80   1              uchar i;
  81   1              for(i = 0 ; i < 8 ; i++)
  82   1              {
  83   2                      SCL = 0;
  84   2                      _nop_();
  85   2                      if (byte & 0x80)
  86   2                      {                               
  87   3                              SDA = 1;        
  88   3                              _nop_();                                   
  89   3                      }                               
  90   2                      else
  91   2                      {
  92   3                              SDA = 0;
  93   3                              _nop_();
  94   3                      }
  95   2                      SCL = 1;
  96   2                      _nop_();
  97   2                      byte <<= 1;     // 0101 0100B 
  98   2              }
  99   1              SCL = 0;
 100   1              _nop_();
 101   1              SDA = 1;
 102   1              _nop_();
 103   1      }
 104          
 105          
 106          /*I2C 读一字节*/
 107          uchar I2C_read_byte()
 108          {
 109   1              uchar dat,i;
 110   1              SCL = 0;
 111   1              _nop_();
 112   1              SDA = 1;
 113   1              _nop_();
 114   1              for(i = 0 ; i < 8 ; i++)
 115   1              {
 116   2                      SCL = 1;
 117   2                      _nop_();
C51 COMPILER V8.08   IIC                                                                   09/09/2015 11:30:21 PAGE 3   

 118   2                      if (SDA)                            
 119   2                      {
 120   3                               dat |= 0x01; //
 121   3                      }
 122   2                      else
 123   2                      {
 124   3                              dat &=  0xfe;   //1111 1110
 125   3                      }
 126   2                      _nop_();
 127   2                      SCL = 0 ;
 128   2                      _nop_();
 129   2                      if(i < 7)
 130   2                      {
 131   3                              dat = dat << 1; 
 132   3                      }
 133   2              }
 134   1              return(dat);
 135   1      }


MODULE INFORMATION:   STATIC OVERLAYABLE
   CODE SIZE        =    155    ----
   CONSTANT SIZE    =   ----    ----
   XDATA SIZE       =   ----    ----
   PDATA SIZE       =   ----    ----
   DATA SIZE        =   ----    ----
   IDATA SIZE       =   ----    ----
   BIT SIZE         =   ----       1
END OF MODULE INFORMATION.


C51 COMPILATION COMPLETE.  0 WARNING(S),  0 ERROR(S)
