C51 COMPILER V8.08   PCF8591                                                               08/18/2015 10:36:54 PAGE 1   


C51 COMPILER V8.08, COMPILATION OF MODULE PCF8591
OBJECT MODULE PLACED IN PCF8591.OBJ
COMPILER INVOKED BY: C:\Keil\C51\BIN\C51.EXE PCF8591.c BROWSE DEBUG OBJECTEXTEND

line level    source

   1          /*********************************************************************************
   2          * 【编写时间】： 2014年3月5日
   3          * 【作    者】： 清翔电子:03
   4          * 【版    本】： 1.0
   5          * 【网    站】： http://www.qxmcu.com/ 
   6          * 【淘宝店铺】： http://qxmcu.taobao.com/ 
   7          * 【实验平台】： QX-MCS51 单片机开发板
   8          * 【外部晶振】： 11.0592mhz     
   9          * 【主控芯片】： STC89C52
  10          * 【编译环境】： Keil μVisio3  
  11          * 【程序功能】： DA控制旁边的LED灯发生亮度的变化                                                                                    
  12          * 【使用说明】： 
  13          *  说明：免费开源，不提供源代码分析.
  14          **********************************************************************************/
  15          #include<reg52.h>
  16          #include<intrins.h>
  17          #define uchar unsigned char
  18          #define uint unsigned int
  19          sbit sda=P2^0;
  20          sbit scl=P2^1;
  21          
  22          void delay()  //5us
  23          {;;}
  24          void delay1(uint z)//1ms
  25          {
  26   1              uint x,y;
  27   1              for(x=z;x>0;x--)
  28   1                      for(y=120;y>0;y--);     
  29   1      }
  30          
  31          void start()
  32          {
  33   1              scl=1;
  34   1              _nop_();
  35   1              sda=1;
  36   1              delay();
  37   1              sda=0;
  38   1              delay();
  39   1              scl=0;
  40   1              _nop_();
  41   1      }
  42          void stop()
  43          {
  44   1              scl=1;
  45   1              _nop_();
  46   1              sda=0;
  47   1              delay();
  48   1              sda=1;
  49   1              delay();
  50   1      }
  51          void respons()
  52          {
  53   1              scl=1;
  54   1              _nop_();
  55   1              sda=0;
C51 COMPILER V8.08   PCF8591                                                               08/18/2015 10:36:54 PAGE 2   

  56   1              delay();
  57   1              scl=0;
  58   1              _nop_();
  59   1      }
  60          
  61          void init()
  62          {
  63   1              scl=1;
  64   1              _nop_();
  65   1              sda=1;
  66   1              _nop_();
  67   1      }
  68          void write_byte(uchar dat)
  69          {
  70   1              uchar i,temp;
  71   1              temp=dat;
  72   1              for(i=0;i<8;i++)
  73   1              {
  74   2                      scl=0;
  75   2                      _nop_();
  76   2                      if((temp&0x80)==0x80)
  77   2                              sda=1;    //写1
  78   2                      else
  79   2                              sda=0;    //写0
  80   2                      scl=1;
  81   2                      _nop_();
  82   2                      temp<<=1;
  83   2              }
  84   1              scl=0;
  85   1              _nop_();
  86   1      }
  87          
  88          void DAC_write(uchar dat)
  89          {
  90   1              start();
  91   1              write_byte(0x90);
  92   1              respons();
  93   1              write_byte(0x40);
  94   1              respons();
  95   1              write_byte(dat);
  96   1              respons();
  97   1              stop();
  98   1      
  99   1      }
 100          
 101          void main()
 102          {
 103   1              uchar i=0;
 104   1              init();
 105   1              while(1)
 106   1              {
 107   2                      DAC_write(i);
 108   2                      i++;
 109   2                      delay1(20);
 110   2              }
 111   1      }


MODULE INFORMATION:   STATIC OVERLAYABLE
   CODE SIZE        =    159    ----
   CONSTANT SIZE    =   ----    ----
   XDATA SIZE       =   ----    ----
C51 COMPILER V8.08   PCF8591                                                               08/18/2015 10:36:54 PAGE 3   

   PDATA SIZE       =   ----    ----
   DATA SIZE        =   ----    ----
   IDATA SIZE       =   ----    ----
   BIT SIZE         =   ----    ----
END OF MODULE INFORMATION.


C51 COMPILATION COMPLETE.  0 WARNING(S),  0 ERROR(S)
